{
  "version": "1.4.0",
  "plugins_used": [
    {
      "name": "ArtifactoryDetector"
    },
    {
      "name": "AWSKeyDetector"
    },
    {
      "name": "AzureStorageKeyDetector"
    },
    {
      "name": "Base64HighEntropyString",
      "limit": 4.5
    },
    {
      "name": "BasicAuthDetector"
    },
    {
      "name": "CloudantDetector"
    },
    {
      "name": "DiscordBotTokenDetector"
    },
    {
      "name": "GitHubTokenDetector"
    },
    {
      "name": "HexHighEntropyString",
      "limit": 3.0
    },
    {
      "name": "IbmCloudIamDetector"
    },
    {
      "name": "IbmCosHmacDetector"
    },
    {
      "name": "JwtTokenDetector"
    },
    {
      "name": "KeywordDetector",
      "keyword_exclude": ".*_SECRET|SECRET_PREFIX|privateKeyFile"
    },
    {
      "name": "MailchimpDetector"
    },
    {
      "name": "NpmDetector"
    },
    {
      "name": "PrivateKeyDetector"
    },
    {
      "name": "SendGridDetector"
    },
    {
      "name": "SlackDetector"
    },
    {
      "name": "SoftlayerDetector"
    },
    {
      "name": "SquareOAuthDetector"
    },
    {
      "name": "StripeDetector"
    },
    {
      "name": "TwilioKeyDetector"
    }
  ],
  "filters_used": [
    {
      "path": "detect_secrets.filters.allowlist.is_line_allowlisted"
    },
    {
      "path": "detect_secrets.filters.common.is_baseline_file",
      "filename": ".secrets.baseline"
    },
    {
      "path": "detect_secrets.filters.common.is_ignored_due_to_verification_policies",
      "min_level": 2
    },
    {
      "path": "detect_secrets.filters.heuristic.is_indirect_reference"
    },
    {
      "path": "detect_secrets.filters.heuristic.is_likely_id_string"
    },
    {
      "path": "detect_secrets.filters.heuristic.is_lock_file"
    },
    {
      "path": "detect_secrets.filters.heuristic.is_not_alphanumeric_string"
    },
    {
      "path": "detect_secrets.filters.heuristic.is_potential_uuid"
    },
    {
      "path": "detect_secrets.filters.heuristic.is_prefixed_with_dollar_sign"
    },
    {
      "path": "detect_secrets.filters.heuristic.is_sequential_string"
    },
    {
      "path": "detect_secrets.filters.heuristic.is_swagger_file"
    },
    {
      "path": "detect_secrets.filters.heuristic.is_templated_secret"
    },
    {
      "path": "detect_secrets.filters.regex.should_exclude_file",
      "pattern": []
    },
    {
      "path": "detect_secrets.filters.regex.should_exclude_secret",
      "pattern": [
        "cT7gnhBT0VT7jY5gEAsafuZi-o6BP8DI-aaH97mJ4e6q0E1pAgWkWAHc-qvmRWYHLUfbMlTOpH5AlQNhQ-ZWsfm40eM0sIV3OZCk4KcAbSoz4v-9aqleBTVhr_YhZqk_lZ9I9566SzLnOuPkWQr6J5F6F19Ol7Ob0j7-a2zHgXlxQizp1hjXiWAhJ0aFFRfP4hxcohn7h5EKeMw8ZT8jv1kqc0PwRoZOt83SgBcdlLcIz9LDPIUWuXXtw9Xi5FrfAc2SXFv4sv7BEo70-ICT9sC1jTpkMsqJlofqu5R3L2Kf51HFOJe2C1SRy_MQGID9FnQGgrDburfSpcmH_DPxdLS8SJ9X7LyyrPWzrdTwgUDdUCWmsoYbvgZQC1KhRiu7GjKLDU2uQgo0NSiaNIcyS6qllDXPqJUTkz0snmMUjcIN7ZTzA29ngxJh5OhI444qChQrB-2hU769giX00UEyqb--MpTWybGReoC0nF-BzaZrrQkWMB2vFWiDg5dUUD6778b4YvmryINCP5H4NteK8JHnIsqMMbY6wxtZFqVhsvVAR6thM9JBKJrN5nSMkKlwSAEpf2vbUyec2x_AZQ6d66lrneZe3VHWmHAo42d6if2P-yaL2vLrr9g73vr7CfU9WiTYTYtFOJ0aWodFwnSeZq-Bek1RXTNsEl4G8K3ved97W1YlEW4359V6OWpSCfFouDJv-yLxaedRvzXjcBH0Ssx6D8Njs4cOduQ-PE22mUcpHd5URsUsU19F59jgXpk",
        "jfDZSCq6Z7Hu22uWaNEtDfFfv-RZot58oxhTAwNoGT3aMvWUiZBIzqm0b9f2xkxMBEky3oix9xC5_KRL2Xv-OO9DdTw7sfLMUs7BidEXWRIAq7PgiD1rdkQ5ElZHM1TPYoREXhJyqtXMgup8lD_B85m-xBOgaZQvuG_cxc0lNerLBgu1f23jcy0S8G3P8L-Cl056Kv6QV-WGFOQW0Vurwd_f432Ho1W1STYrSat22YNkX2_A0SJZGVcxF_wKKfNAUw4n7sVdYZOfl62x7Cz2Rt2HX36U6vLhI8ZLNGROCsNKI-LYJA2ET1_li150DMgMNlfYfwHrO3jFi_j1XcK_oA",
        "ewogICAgImt0eSI6ICJFQyIsCiAgICAidXNlIjogInNpZyIsCiAgICAiY3J2IjogIlAtMjU2IiwKICAgICJraWQiOiAiaXB2LWNvcmUtc3R1Yi0yLWZyb20tbWtqd2sub3JnIiwKICAgICJ4IjogImszOXVLYWNTdWtRQnJNWnJIRFRCVVpzbGl2cFhLRE5aVGc2aW5DSHdyTGMiLAogICAgInkiOiAiOEY4TG5RN3dHOWh4c1Q0YXgwQXR5N2lNR0l5aVlfWUdwM19xSVp6S28xQSIsCiAgICAiYWxnIjogIkVTMjU2Igp9",
        "eyJrdHkiOiJFQyIsImNydiI6IlAtMjU2IiwieCI6ImtlMVRNRnFNb0Z5eHg1eXpOdFFRbGw0dk9yeHZUdFBKQ0huUzRqOHpoMlUiLCJ5IjoicURLX0g4QXpKS2FIbU1zaHg5TGp2LTB0ek5rV2EtSkVHUzJtZHRKUjFPQSJ9",
        "eyJrdHkiOiJFQyIsImNydiI6IlAtMjU2IiwieCI6IkJUUWdWQjU0RE9JcDU0eGRVSVg0SGtUX3pCdjZHdVdMV1RUTkdxMk15dEkiLCJ5IjoiTFFRamx5ZEtOMUhXZFJQcFBpalJObEJrbi1qaDgzZzBBUmIyNms2WVh1byJ9",
        "eyJrdHkiOiJFQyIsImNydiI6IlAtMjU2IiwieCI6IlVQdlU1TlBtRUxyV2lXU01WZkREN0c4dTNFSllyeXFQSVo0Nlc5TUFsUmMiLCJ5Ijoicjc3RjItS1BocHZUSUdFV2d0NVNtYXZTdkJVSENxV1V4RDZSR19GSkhWayJ9",
        "eyJhbGciOiJIUzI1NiIsInR5cCI6IkpXVCJ9\\.eyJzdWIiOiJ0dCIsImlhdCI6MTUxNjIzOTAyMn0\\..*",
        "ngoABokVaj3BYY8FfaPef4nzV9dr\\+ziueibf2hofYDQ="
      ]
    }
  ],
  "results": {},
  "generated_at": "2023-12-15T13:37:18Z"
}
