{
  "version": "1.5.0",
  "plugins_used": [
    {
      "name": "ArtifactoryDetector"
    },
    {
      "name": "AWSKeyDetector"
    },
    {
      "name": "AzureStorageKeyDetector"
    },
    {
      "name": "Base64HighEntropyString",
      "limit": 4.5
    },
    {
      "name": "BasicAuthDetector"
    },
    {
      "name": "CloudantDetector"
    },
    {
      "name": "DiscordBotTokenDetector"
    },
    {
      "name": "GitHubTokenDetector"
    },
    {
      "name": "HexHighEntropyString",
      "limit": 3.0
    },
    {
      "name": "IbmCloudIamDetector"
    },
    {
      "name": "IbmCosHmacDetector"
    },
    {
      "name": "JwtTokenDetector"
    },
    {
      "name": "KeywordDetector",
      "keyword_exclude": "secretsmanager|privateKeyFile|ARTIFACT_SOURCE_BUCKET_NAME_SECRET|GH_ACTIONS_ROLE_ARN_SECRET"
    },
    {
      "name": "MailchimpDetector"
    },
    {
      "name": "NpmDetector"
    },
    {
      "name": "PrivateKeyDetector"
    },
    {
      "name": "SendGridDetector"
    },
    {
      "name": "SlackDetector"
    },
    {
      "name": "SoftlayerDetector"
    },
    {
      "name": "SquareOAuthDetector"
    },
    {
      "name": "StripeDetector"
    },
    {
      "name": "TwilioKeyDetector"
    }
  ],
  "filters_used": [
    {
      "path": "detect_secrets.filters.allowlist.is_line_allowlisted"
    },
    {
      "path": "detect_secrets.filters.common.is_baseline_file",
      "filename": ".secrets.baseline"
    },
    {
      "path": "detect_secrets.filters.common.is_ignored_due_to_verification_policies",
      "min_level": 2
    },
    {
      "path": "detect_secrets.filters.heuristic.is_indirect_reference"
    },
    {
      "path": "detect_secrets.filters.heuristic.is_likely_id_string"
    },
    {
      "path": "detect_secrets.filters.heuristic.is_lock_file"
    },
    {
      "path": "detect_secrets.filters.heuristic.is_not_alphanumeric_string"
    },
    {
      "path": "detect_secrets.filters.heuristic.is_potential_uuid"
    },
    {
      "path": "detect_secrets.filters.heuristic.is_prefixed_with_dollar_sign"
    },
    {
      "path": "detect_secrets.filters.heuristic.is_sequential_string"
    },
    {
      "path": "detect_secrets.filters.heuristic.is_swagger_file"
    },
    {
      "path": "detect_secrets.filters.heuristic.is_templated_secret"
    },
    {
      "path": "detect_secrets.filters.regex.should_exclude_file",
      "pattern": []
    },
    {
      "path": "detect_secrets.filters.regex.should_exclude_secret",
      "pattern": [
        "eyJhbGciOiJFUzI1NiIsInR5cCI6IkpXVCJ9.eyJpc3MiOiJoZWFkbGVzcy1jb3JlLXN0dWIiLCJzdWIiOiJoZWFkbGVzcy1jb3JlLXN0dWIiLCJhdWQiOiJteS1hdWRpZW5jZSIsImV4cCI6MTc0MjU0NjA0NCwianRpIjoiZWI5YjZiYjAtOWE5NC00YWIxLTlkMTYtOTdiMmFlMDdjNzBjIn0.GOfjQV9gerLQ8mTr3ZMouQG7Ri7lyeKdAto2IDovSaVZjEyUYomqIAVhV9xWgBsdsP1OfXTHFNEmPm_PzBA1zg",
        "jfDZSCq6Z7Hu22uWaNEtDfFfv-RZot58oxhTAwNoGT3aMvWUiZBIzqm0b9f2xkxMBEky3oix9xC5_KRL2Xv-OO9DdTw7sfLMUs7BidEXWRIAq7PgiD1rdkQ5ElZHM1TPYoREXhJyqtXMgup8lD_B85m-xBOgaZQvuG_cxc0lNerLBgu1f23jcy0S8G3P",
        "eyJrdHkiOiJFQyIsImQiOiIxeEhzTmJsQ1RHbzZRTjNLZHNEVmZXNl8wMEg1VFRaRFp6bzFQeEQ3Nm9jIiwiY3J2IjoiUC0yNTYiLCJ4IjoiSmJEbkJ1dVJVRHJadGlqMmhxWlhyVkdMcWZnQXZzaWxlalVTTTBFRFFpOCIsInkiOiIxSEdWcjZmaVVv",
        "ewogICAgImt0eSI6ICJFQyIsCiAgICAidXNlIjogInNpZyIsCiAgICAiY3J2IjogIlAtMjU2IiwKICAgICJraWQiOiAiaXB2LWNvcmUtc3R1Yi0yLWZyb20tbWtqd2sub3JnIiwKICAgICJ4IjogImszOXVLYWNTdWtRQnJNWnJIRFRCVVpzbGl2cFhL",
        "cT7gnhBT0VT7jY5gEAsafuZi-o6BP8DI-aaH97mJ4e6q0E1pAgWkWAHc-qvmRWYHLUfbMlTOpH5AlQNhQ-ZWsfm40eM0sIV3OZCk4KcAbSoz4v-9aqleBTVhr_YhZqk_lZ9I9566SzLnOuPkWQr6J5F6F19Ol7Ob0j7-a2zHgXlxQizp1hjXiWAhJ0aF",
        ".*eyJrdHkiOiJFQyIsImQiOiJPWHQwUDA1WnNRY0s3ZVl1c2dJUHNxWmRhQkNJSmlXNGltd1V0bmFBdGhVIiwiY3J2IjoiUC0yNTYiLCJ4IjoiRTlaenVPb3FjVlU0cFZCOXJwbVR6ZXpqeU9QUmxPbVBHSkhLaThSU2xJTSIsInkiOiJLbFRNWnRoSFpVa1l6NUFsZVRROGpmZjBUSmlTM3EyT0I5TDVGdzR4QTA0In0=*",
        "eyJrdHkiOiJFQyIsImNydiI6IlAtMjU2IiwieCI6ImtlMVRNRnFNb0Z5eHg1eXpOdFFRbGw0dk9yeHZUdFBKQ0huUzRqOHpoMlUiLCJ5IjoicURLX0g4QXpKS2FIbU1zaHg5TGp2LTB0ek5rV2EtSkVHUzJtZHRKUjFPQSJ9",
        "eyJrdHkiOiJFQyIsImNydiI6IlAtMjU2IiwieCI6IkJUUWdWQjU0RE9JcDU0eGRVSVg0SGtUX3pCdjZHdVdMV1RUTkdxMk15dEkiLCJ5IjoiTFFRamx5ZEtOMUhXZFJQcFBpalJObEJrbi1qaDgzZzBBUmIyNms2WVh1byJ9",
        "eyJrdHkiOiJFQyIsImNydiI6IlAtMjU2IiwieCI6IlVQdlU1TlBtRUxyV2lXU01WZkREN0c4dTNFSllyeXFQSVo0Nlc5TUFsUmMiLCJ5Ijoicjc3RjItS1BocHZUSUdFV2d0NVNtYXZTdkJVSENxV1V4RDZSR19GSkhWayJ9",
        "eyJhbGciOiJIUzI1NiIsInR5cCI6IkpXVCJ9\\.eyJzdWIiOiJ0dCIsImlhdCI6MTUxNjIzOTAyMn0\\..*",
        "ngoABokVaj3BYY8FfaPef4nzV9dr\\+ziueibf2hofYDQ="
      ]
    }
  ],
  "results": {},
  "generated_at": "2025-03-24T22:37:22Z"
}
